// Jest Snapshot v1, https://goo.gl/fbAQLP

exports[`Error Boundary: Should Render Should render without crashing 1`] = `<View />`;
